2026-08-28 16:31:25.699 [info] [main] Log level: Info
2026-08-28 16:31:25.699 [info] [main] Validating found git in: "C:\Program Files\Git\cmd\git.exe"
2026-08-28 16:31:25.699 [info] [main] Using git "2.55.0.windows.3" from "C:\Program Files\Git\cmd\git.exe"
2026-08-28 16:31:25.700 [info] [Model][doInitialScan] Initial repository scan started
2026-08-28 16:31:25.700 [info] > git rev-parse --show-toplevel [540ms]
2026-08-28 16:31:25.775 [info] > git rev-parse --git-dir --git-common-dir --show-superproject-working-tree [747ms]
2026-08-28 16:31:26.561 [info] [Model][openRepository] Opened repository (path): c:\Users\USER\Desktop\crystal villa\villa-booking-
2026-08-28 16:31:26.561 [info] [Model][openRepository] Opened repository (real path): c:\Users\USER\Desktop\crystal villa\villa-booking-
2026-08-28 16:31:26.562 [info] [Model][openRepository] Opened repository (kind): repository
2026-08-28 16:31:26.887 [info] > git rev-parse --show-toplevel [202ms]
2026-08-28 16:31:26.891 [info] [Model][doInitialScan] Initial repository scan completed - repositories (1), closed repositories (0), parent repositories (0), unsafe repositories (0)
2026-08-28 16:31:26.894 [info] > git config --get commit.template [241ms]
2026-08-28 16:31:26.894 [info] > git config --get --local core.virtualfilesystem [302ms]
2026-08-28 16:31:26.895 [warning] [Git][config] git config failed: Failed to execute git
2026-08-28 16:31:27.284 [info] > git for-each-ref --format=%(refname)%00%(upstream:short)%00%(objectname)%00%(upstream:track)%00%(upstream:remotename)%00%(upstream:remoteref) --ignore-case refs/heads/main refs/remotes/main [165ms]
2026-08-28 16:31:27.385 [info] > git check-ignore -v -z --stdin [162ms]
2026-08-28 16:31:27.451 [info] > git status -z -uall [129ms]
2026-08-28 16:31:27.498 [info] > git for-each-ref --sort -committerdate --format %(refname)%00%(objectname)%00%(*objectname) [128ms]
2026-08-28 16:31:27.695 [info] > git ls-files --stage -- index.html [244ms]
2026-08-28 16:31:27.745 [info] > git fetch [1185ms]
2026-08-28 16:31:27.746 [info] > git for-each-ref --format=%(refname)%00%(upstream:short)%00%(objectname)%00%(upstream:track)%00%(upstream:remotename)%00%(upstream:remoteref) --ignore-case refs/heads/main refs/remotes/main [172ms]
2026-08-28 16:31:27.946 [info] > git show --textconv :index.html [527ms]
2026-08-28 16:31:27.947 [info] > git cat-file -s e805984f9ddefe2d1e13296028aa076eece0c052 [206ms]
2026-08-28 16:31:27.949 [info] > git config --get commit.template [258ms]
2026-08-28 16:31:28.033 [info] > git check-ignore -v -z --stdin [399ms]
2026-08-28 16:31:28.035 [info] > git config --get --local branch.main.vscode-merge-base [253ms]
2026-08-28 16:31:28.099 [info] > git config --get commit.template [154ms]
2026-08-28 16:31:28.207 [info] > git for-each-ref --format=%(refname)%00%(upstream:short)%00%(objectname)%00%(upstream:track)%00%(upstream:remotename)%00%(upstream:remoteref) --ignore-case refs/heads/main refs/remotes/main [176ms]
2026-08-28 16:31:28.227 [info] > git for-each-ref --format=%(refname)%00%(upstream:short)%00%(objectname)%00%(upstream:track)%00%(upstream:remotename)%00%(upstream:remoteref) --ignore-case refs/heads/origin/main refs/remotes/origin/main [146ms]
2026-08-28 16:31:28.378 [info] > git for-each-ref --format=%(refname)%00%(upstream:short)%00%(objectname)%00%(upstream:track)%00%(upstream:remotename)%00%(upstream:remoteref) --ignore-case refs/heads/main refs/remotes/main [212ms]
2026-08-28 16:31:28.383 [info] > git merge-base refs/heads/main refs/remotes/origin/main [122ms]
2026-08-28 16:31:28.558 [info] > git diff --raw --numstat --diff-filter=ADMR -z --find-renames=50% 7fb7fb118e10ceb17723bcea8152afb17529783f...refs/remotes/origin/main -- [134ms]
2026-08-28 16:31:28.560 [info] > git merge-base refs/heads/main refs/remotes/origin/main [225ms]
2026-08-28 16:31:28.622 [info] > git status -z -uall [149ms]
2026-08-28 16:31:28.670 [info] > git log --format=%H%n%aN%n%aE%n%at%n%ct%n%P%n%D%n%B -z --shortstat --diff-merges=first-parent -n50 --skip=0 --topo-order --decorate=full --stdin [294ms]
2026-08-28 16:31:28.693 [info] > git for-each-ref --sort -committerdate --format %(refname)%00%(objectname)%00%(*objectname) [183ms]
2026-08-28 16:31:28.801 [info] > git diff --raw --numstat --diff-filter=ADMR -z --find-renames=50% 7fb7fb118e10ceb17723bcea8152afb17529783f...refs/remotes/origin/main -- [182ms]
2026-08-28 16:31:29.151 [info] > git ls-files --stage -- index.html [205ms]
2026-08-28 16:31:29.283 [info] > git cat-file -s e805984f9ddefe2d1e13296028aa076eece0c052 [106ms]
2026-08-28 16:31:29.409 [info] > git show --textconv :index.html [97ms]
2026-08-28 16:31:29.808 [info] > git merge-base main origin/main [90ms]
2026-08-28 16:31:31.076 [info] > git config --get commit.template [115ms]
2026-08-28 16:31:31.202 [info] > git for-each-ref --format=%(refname)%00%(upstream:short)%00%(objectname)%00%(upstream:track)%00%(upstream:remotename)%00%(upstream:remoteref) --ignore-case refs/heads/main refs/remotes/main [136ms]
2026-08-28 16:31:31.315 [info] > git status -z -uall [90ms]
2026-08-28 16:31:31.339 [info] > git for-each-ref --sort -committerdate --format %(refname)%00%(objectname)%00%(*objectname) [92ms]
2026-08-28 16:33:47.161 [info] > git blame --root --incremental 7fb7fb118e10ceb17723bcea8152afb17529783f -- index.html [179ms]
2026-08-28 16:33:47.184 [info] > git log --format=%H%n%aN%n%aE%n%at%n%ct%n%P%n%D%n%B -z -n51 --shortstat --follow -- c:\Users\USER\Desktop\crystal villa\villa-booking-\index.html [236ms]
2026-08-28 16:33:47.345 [info] > git hash-object -t tree /dev/null [83ms]
2026-08-28 16:34:29.548 [info] > git rev-list --count 5cc70a5cbe00d0e36bbf0d80de9a78834cc7512d.. -- c:\Users\USER\Desktop\crystal villa\villa-booking-\index.html [112ms]
2026-08-28 16:34:29.726 [info] > git log --format=%H%n%aN%n%aE%n%at%n%ct%n%P%n%D%n%B -z -n16 --shortstat --follow -- c:\Users\USER\Desktop\crystal villa\villa-booking-\index.html [148ms]
2026-08-28 16:34:29.736 [info] > git fetch [1004ms]
2026-08-28 16:34:29.846 [info] > git config --get commit.template [93ms]
2026-08-28 16:34:29.909 [info] > git for-each-ref --format=%(refname)%00%(upstream:short)%00%(objectname)%00%(upstream:track)%00%(upstream:remotename)%00%(upstream:remoteref) --ignore-case refs/heads/main refs/remotes/main [127ms]
2026-08-28 16:34:30.055 [info] > git status -z -uall [118ms]
2026-08-28 16:34:30.072 [info] > git for-each-ref --sort -committerdate --format %(refname)%00%(objectname)%00%(*objectname) [110ms]
2026-08-28 16:34:30.801 [info] > git rev-list --count db6d43e95437ddb6f23607d5579d32a3720d0458.. -- c:\Users\USER\Desktop\crystal villa\villa-booking-\index.html [108ms]
2026-08-28 16:34:31.014 [info] > git log --format=%H%n%aN%n%aE%n%at%n%ct%n%P%n%D%n%B -z -n15 --shortstat --follow -- c:\Users\USER\Desktop\crystal villa\villa-booking-\index.html [186ms]
2026-08-28 16:34:31.101 [info] > git ls-files --stage -- index.html [88ms]
2026-08-28 16:34:31.212 [info] > git cat-file -s e805984f9ddefe2d1e13296028aa076eece0c052 [90ms]
2026-08-28 16:34:31.331 [info] > git show --textconv :index.html [93ms]
2026-08-28 16:37:31.211 [info] > git fetch [1103ms]
2026-08-28 16:37:31.324 [info] > git config --get commit.template [89ms]
2026-08-28 16:37:31.352 [info] > git for-each-ref --format=%(refname)%00%(upstream:short)%00%(objectname)%00%(upstream:track)%00%(upstream:remotename)%00%(upstream:remoteref) --ignore-case refs/heads/main refs/remotes/main [88ms]
2026-08-28 16:37:31.454 [info] > git status -z -uall [82ms]
2026-08-28 16:37:31.483 [info] > git for-each-ref --sort -committerdate --format %(refname)%00%(objectname)%00%(*objectname) [88ms]
2026-08-28 16:37:32.433 [info] > git ls-files --stage -- index.html [94ms]
2026-08-28 16:37:32.569 [info] > git cat-file -s e805984f9ddefe2d1e13296028aa076eece0c052 [112ms]
2026-08-28 16:37:32.681 [info] > git show --textconv :index.html [88ms]
2026-08-28 16:53:32.774 [info] > git fetch [1043ms]
2026-08-28 16:53:32.924 [info] > git config --get commit.template [118ms]
2026-08-28 16:53:33.014 [info] > git for-each-ref --format=%(refname)%00%(upstream:short)%00%(objectname)%00%(upstream:track)%00%(upstream:remotename)%00%(upstream:remoteref) --ignore-case refs/heads/main refs/remotes/main [171ms]
2026-08-28 16:53:33.410 [info] > git status -z -uall [195ms]
2026-08-28 16:53:33.454 [info] > git for-each-ref --sort -committerdate --format %(refname)%00%(objectname)%00%(*objectname) [113ms]
2026-08-28 16:53:34.048 [info] > git ls-files --stage -- index.html [90ms]
2026-08-28 16:53:34.171 [info] > git cat-file -s e805984f9ddefe2d1e13296028aa076eece0c052 [94ms]
2026-08-28 16:53:34.297 [info] > git show --textconv :index.html [96ms]
2026-08-28 17:17:56.282 [info] > git fetch [1123ms]
2026-08-28 17:17:56.462 [info] > git config --get commit.template [150ms]
2026-08-28 17:17:56.537 [info] > git for-each-ref --format=%(refname)%00%(upstream:short)%00%(objectname)%00%(upstream:track)%00%(upstream:remotename)%00%(upstream:remoteref) --ignore-case refs/heads/main refs/remotes/main [153ms]
2026-08-28 17:17:56.667 [info] > git status -z -uall [103ms]
2026-08-28 17:17:56.747 [info] > git for-each-ref --sort -committerdate --format %(refname)%00%(objectname)%00%(*objectname) [154ms]
2026-08-28 17:17:57.498 [info] > git ls-files --stage -- index.html [96ms]
2026-08-28 17:17:57.606 [info] > git cat-file -s e805984f9ddefe2d1e13296028aa076eece0c052 [88ms]
2026-08-28 17:17:57.732 [info] > git show --textconv :index.html [99ms]
2026-08-29 08:57:18.677 [info] > git config --get commit.template [103ms]
2026-08-29 08:57:18.719 [info] > git for-each-ref --format=%(refname)%00%(upstream:short)%00%(objectname)%00%(upstream:track)%00%(upstream:remotename)%00%(upstream:remoteref) --ignore-case refs/heads/main refs/remotes/main [99ms]
2026-08-29 08:57:18.866 [info] > git status -z -uall [119ms]
2026-08-29 08:57:18.876 [info] > git for-each-ref --sort -committerdate --format %(refname)%00%(objectname)%00%(*objectname) [105ms]
2026-08-29 08:57:19.914 [info] > git fetch [1390ms]
2026-08-29 08:57:20.019 [info] > git ls-files --stage -- index.html [108ms]
2026-08-29 08:57:20.048 [info] > git config --get commit.template [107ms]
2026-08-29 08:57:20.082 [info] > git for-each-ref --format=%(refname)%00%(upstream:short)%00%(objectname)%00%(upstream:track)%00%(upstream:remotename)%00%(upstream:remoteref) --ignore-case refs/heads/main refs/remotes/main [108ms]
2026-08-29 08:57:20.155 [info] > git cat-file -s e805984f9ddefe2d1e13296028aa076eece0c052 [109ms]
2026-08-29 08:57:20.222 [info] > git status -z -uall [116ms]
2026-08-29 08:57:20.235 [info] > git for-each-ref --sort -committerdate --format %(refname)%00%(objectname)%00%(*objectname) [100ms]
2026-08-29 08:57:20.274 [info] > git show --textconv :index.html [88ms]
2026-08-29 08:57:30.219 [info] > git ls-files --stage -- index.html [111ms]
2026-08-29 08:57:30.341 [info] > git cat-file -s e805984f9ddefe2d1e13296028aa076eece0c052 [96ms]
2026-08-29 08:57:30.446 [info] > git show --textconv :index.html [81ms]
2026-08-29 11:03:48.783 [info] > git fetch [1155ms]
2026-08-29 11:03:48.899 [info] > git config --get commit.template [77ms]
2026-08-29 11:03:48.933 [info] > git for-each-ref --format=%(refname)%00%(upstream:short)%00%(objectname)%00%(upstream:track)%00%(upstream:remotename)%00%(upstream:remoteref) --ignore-case refs/heads/main refs/remotes/main [82ms]
2026-08-29 11:03:49.052 [info] > git status -z -uall [94ms]
2026-08-29 11:03:49.070 [info] > git for-each-ref --sort -committerdate --format %(refname)%00%(objectname)%00%(*objectname) [84ms]
2026-08-29 11:04:09.995 [info] > git config --get commit.template [116ms]
2026-08-29 11:04:10.016 [info] > git ls-files --stage -- index.html [110ms]
2026-08-29 11:04:10.042 [info] > git for-each-ref --format=%(refname)%00%(upstream:short)%00%(objectname)%00%(upstream:track)%00%(upstream:remotename)%00%(upstream:remoteref) --ignore-case refs/heads/main refs/remotes/main [104ms]
2026-08-29 11:04:10.130 [info] > git cat-file -s e805984f9ddefe2d1e13296028aa076eece0c052 [96ms]
2026-08-29 11:04:10.160 [info] > git status -z -uall [98ms]
2026-08-29 11:04:10.179 [info] > git for-each-ref --sort -committerdate --format %(refname)%00%(objectname)%00%(*objectname) [88ms]
2026-08-29 11:04:10.234 [info] > git show --textconv :index.html [81ms]
2026-08-29 11:08:16.055 [info] > git fetch [1068ms]
2026-08-29 11:08:16.176 [info] > git config --get commit.template [94ms]
2026-08-29 11:08:16.217 [info] > git for-each-ref --format=%(refname)%00%(upstream:short)%00%(objectname)%00%(upstream:track)%00%(upstream:remotename)%00%(upstream:remoteref) --ignore-case refs/heads/main refs/remotes/main [97ms]
2026-08-29 11:08:16.349 [info] > git status -z -uall [108ms]
2026-08-29 11:08:16.363 [info] > git for-each-ref --sort -committerdate --format %(refname)%00%(objectname)%00%(*objectname) [98ms]
2026-08-29 11:12:31.426 [info] > git ls-files --stage -- index.html [96ms]
2026-08-29 11:12:31.594 [info] > git cat-file -s e805984f9ddefe2d1e13296028aa076eece0c052 [145ms]
2026-08-29 11:12:31.725 [info] > git show --textconv :index.html [106ms]
2026-08-29 11:12:32.446 [info] > git fetch [1147ms]
2026-08-29 11:12:32.586 [info] > git config --get commit.template [113ms]
2026-08-29 11:12:32.620 [info] > git for-each-ref --format=%(refname)%00%(upstream:short)%00%(objectname)%00%(upstream:track)%00%(upstream:remotename)%00%(upstream:remoteref) --ignore-case refs/heads/main refs/remotes/main [116ms]
2026-08-29 11:12:32.728 [info] > git status -z -uall [81ms]
2026-08-29 11:12:32.745 [info] > git for-each-ref --sort -committerdate --format %(refname)%00%(objectname)%00%(*objectname) [73ms]
2026-08-29 11:12:33.796 [info] > git ls-files --stage -- index.html [83ms]
2026-08-29 11:12:33.897 [info] > git cat-file -s e805984f9ddefe2d1e13296028aa076eece0c052 [79ms]
2026-08-29 11:12:34.010 [info] > git show --textconv :index.html [82ms]
2026-08-29 11:15:33.758 [info] > git fetch [975ms]
2026-08-29 11:15:33.873 [info] > git config --get commit.template [92ms]
2026-08-29 11:15:33.901 [info] > git for-each-ref --format=%(refname)%00%(upstream:short)%00%(objectname)%00%(upstream:track)%00%(upstream:remotename)%00%(upstream:remoteref) --ignore-case refs/heads/main refs/remotes/main [90ms]
2026-08-29 11:15:33.998 [info] > git status -z -uall [80ms]
2026-08-29 11:15:34.018 [info] > git for-each-ref --sort -committerdate --format %(refname)%00%(objectname)%00%(*objectname) [77ms]
2026-08-29 11:15:35.140 [info] > git ls-files --stage -- index.html [76ms]
2026-08-29 11:15:35.244 [info] > git cat-file -s e805984f9ddefe2d1e13296028aa076eece0c052 [84ms]
2026-08-29 11:15:35.349 [info] > git show --textconv :index.html [82ms]
2026-08-29 12:08:11.529 [info] > git fetch [1222ms]
2026-08-29 12:08:11.671 [info] > git config --get commit.template [96ms]
2026-08-29 12:08:11.699 [info] > git for-each-ref --format=%(refname)%00%(upstream:short)%00%(objectname)%00%(upstream:track)%00%(upstream:remotename)%00%(upstream:remoteref) --ignore-case refs/heads/main refs/remotes/main [94ms]
2026-08-29 12:08:11.833 [info] > git status -z -uall [108ms]
2026-08-29 12:08:11.845 [info] > git for-each-ref --sort -committerdate --format %(refname)%00%(objectname)%00%(*objectname) [91ms]
2026-08-29 12:08:12.729 [info] > git ls-files --stage -- index.html [99ms]
2026-08-29 12:08:12.854 [info] > git cat-file -s e805984f9ddefe2d1e13296028aa076eece0c052 [99ms]
2026-08-29 12:08:13.004 [info] > git show --textconv :index.html [108ms]
2026-08-29 12:08:13.041 [info] > git config --get commit.template [91ms]
2026-08-29 12:08:13.072 [info] > git for-each-ref --format=%(refname)%00%(upstream:short)%00%(objectname)%00%(upstream:track)%00%(upstream:remotename)%00%(upstream:remoteref) --ignore-case refs/heads/main refs/remotes/main [93ms]
2026-08-29 12:08:13.193 [info] > git status -z -uall [96ms]
2026-08-29 12:08:13.217 [info] > git for-each-ref --sort -committerdate --format %(refname)%00%(objectname)%00%(*objectname) [96ms]
2026-08-29 12:14:46.224 [info] > git fetch [945ms]
2026-08-29 12:14:46.283 [info] > git config --get commit.template [47ms]
2026-08-29 12:14:46.305 [info] > git for-each-ref --format=%(refname)%00%(upstream:short)%00%(objectname)%00%(upstream:track)%00%(upstream:remotename)%00%(upstream:remoteref) --ignore-case refs/heads/main refs/remotes/main [51ms]
2026-08-29 12:14:46.369 [info] > git status -z -uall [53ms]
2026-08-29 12:14:46.383 [info] > git for-each-ref --sort -committerdate --format %(refname)%00%(objectname)%00%(*objectname) [53ms]
2026-08-29 12:14:47.490 [info] > git config --get commit.template [45ms]
2026-08-29 12:14:47.508 [info] > git for-each-ref --format=%(refname)%00%(upstream:short)%00%(objectname)%00%(upstream:track)%00%(upstream:remotename)%00%(upstream:remoteref) --ignore-case refs/heads/main refs/remotes/main [48ms]
2026-08-29 12:14:47.569 [info] > git status -z -uall [50ms]
2026-08-29 12:14:47.581 [info] > git for-each-ref --sort -committerdate --format %(refname)%00%(objectname)%00%(*objectname) [49ms]
2026-08-29 12:14:47.593 [info] > git ls-files --stage -- index.html [46ms]
2026-08-29 12:14:47.649 [info] > git cat-file -s e805984f9ddefe2d1e13296028aa076eece0c052 [42ms]
2026-08-29 12:14:47.705 [info] > git show --textconv :index.html [43ms]
2026-08-29 12:25:46.309 [info] > git fetch [844ms]
2026-08-29 12:25:46.370 [info] > git config --get commit.template [45ms]
2026-08-29 12:25:46.386 [info] > git for-each-ref --format=%(refname)%00%(upstream:short)%00%(objectname)%00%(upstream:track)%00%(upstream:remotename)%00%(upstream:remoteref) --ignore-case refs/heads/main refs/remotes/main [47ms]
2026-08-29 12:25:46.442 [info] > git status -z -uall [43ms]
2026-08-29 12:25:46.457 [info] > git for-each-ref --sort -committerdate --format %(refname)%00%(objectname)%00%(*objectname) [44ms]
2026-08-29 12:25:47.603 [info] > git ls-files --stage -- index.html [39ms]
2026-08-29 12:25:47.656 [info] > git cat-file -s e805984f9ddefe2d1e13296028aa076eece0c052 [41ms]
2026-08-29 12:25:47.712 [info] > git show --textconv :index.html [42ms]
2026-08-29 12:29:50.620 [info] > git fetch [960ms]
2026-08-29 12:29:50.756 [info] > git config --get commit.template [109ms]
2026-08-29 12:29:50.782 [info] > git for-each-ref --format=%(refname)%00%(upstream:short)%00%(objectname)%00%(upstream:track)%00%(upstream:remotename)%00%(upstream:remoteref) --ignore-case refs/heads/main refs/remotes/main [101ms]
2026-08-29 12:29:50.924 [info] > git status -z -uall [115ms]
2026-08-29 12:29:50.948 [info] > git for-each-ref --sort -committerdate --format %(refname)%00%(objectname)%00%(*objectname) [112ms]
2026-08-29 12:29:51.867 [info] > git ls-files --stage -- index.html [87ms]
2026-08-29 12:29:51.980 [info] > git cat-file -s e805984f9ddefe2d1e13296028aa076eece0c052 [90ms]
2026-08-29 12:29:52.197 [info] > git show --textconv :index.html [87ms]
2026-08-29 13:35:52.464 [info] > git fetch [1485ms]
2026-08-29 13:35:52.551 [info] > git ls-files --stage -- index.html [152ms]
2026-08-29 13:35:52.619 [info] > git config --get commit.template [114ms]
2026-08-29 13:35:52.673 [info] > git for-each-ref --format=%(refname)%00%(upstream:short)%00%(objectname)%00%(upstream:track)%00%(upstream:remotename)%00%(upstream:remoteref) --ignore-case refs/heads/main refs/remotes/main [126ms]
2026-08-29 13:35:52.730 [info] > git cat-file -s e805984f9ddefe2d1e13296028aa076eece0c052 [149ms]
2026-08-29 13:35:52.839 [info] > git status -z -uall [139ms]
2026-08-29 13:35:52.852 [info] > git for-each-ref --sort -committerdate --format %(refname)%00%(objectname)%00%(*objectname) [124ms]
2026-08-29 13:35:52.906 [info] > git show --textconv :index.html [143ms]
2026-08-29 13:35:53.654 [info] > git ls-files --stage -- index.html [89ms]
2026-08-29 13:35:53.782 [info] > git cat-file -s e805984f9ddefe2d1e13296028aa076eece0c052 [99ms]
2026-08-29 13:35:53.909 [info] > git show --textconv :index.html [99ms]
2026-08-29 13:35:54.035 [info] > git config --get commit.template [97ms]
2026-08-29 13:35:54.090 [info] > git for-each-ref --format=%(refname)%00%(upstream:short)%00%(objectname)%00%(upstream:track)%00%(upstream:remotename)%00%(upstream:remoteref) --ignore-case refs/heads/main refs/remotes/main [114ms]
2026-08-29 13:35:54.213 [info] > git status -z -uall [98ms]
2026-08-29 13:35:54.241 [info] > git for-each-ref --sort -committerdate --format %(refname)%00%(objectname)%00%(*objectname) [100ms]
2026-08-29 13:35:59.058 [info] > git log --format=%H%n%aN%n%aE%n%at%n%ct%n%P%n%D%n%B -z -n51 --shortstat --follow -- c:\Users\USER\Desktop\crystal villa\villa-booking-\index.html [272ms]
2026-08-29 13:38:53.811 [info] > git rev-list --count 5cc70a5cbe00d0e36bbf0d80de9a78834cc7512d.. -- c:\Users\USER\Desktop\crystal villa\villa-booking-\index.html [135ms]
2026-08-29 13:38:54.048 [info] > git log --format=%H%n%aN%n%aE%n%at%n%ct%n%P%n%D%n%B -z -n16 --shortstat --follow -- c:\Users\USER\Desktop\crystal villa\villa-booking-\index.html [209ms]
2026-08-29 13:38:54.182 [info] > git fetch [1247ms]
2026-08-29 13:38:54.305 [info] > git config --get commit.template [93ms]
2026-08-29 13:38:54.333 [info] > git for-each-ref --format=%(refname)%00%(upstream:short)%00%(objectname)%00%(upstream:track)%00%(upstream:remotename)%00%(upstream:remoteref) --ignore-case refs/heads/main refs/remotes/main [94ms]
2026-08-29 13:38:54.452 [info] > git status -z -uall [100ms]
2026-08-29 13:38:54.464 [info] > git for-each-ref --sort -committerdate --format %(refname)%00%(objectname)%00%(*objectname) [90ms]
2026-08-29 13:38:55.117 [info] > git rev-list --count db6d43e95437ddb6f23607d5579d32a3720d0458.. -- c:\Users\USER\Desktop\crystal villa\villa-booking-\index.html [105ms]
2026-08-29 13:38:55.319 [info] > git log --format=%H%n%aN%n%aE%n%at%n%ct%n%P%n%D%n%B -z -n15 --shortstat --follow -- c:\Users\USER\Desktop\crystal villa\villa-booking-\index.html [170ms]
2026-08-29 13:38:55.393 [info] > git ls-files --stage -- index.html [91ms]
2026-08-29 13:38:55.518 [info] > git cat-file -s e805984f9ddefe2d1e13296028aa076eece0c052 [104ms]
2026-08-29 13:38:55.638 [info] > git show --textconv :index.html [96ms]
2026-08-29 13:43:26.222 [info] > git rev-list --count 1a466e54081947cb5d6c60991f27f040f9f50b75.. -- c:\Users\USER\Desktop\crystal villa\villa-booking-\index.html [173ms]
2026-08-29 13:43:26.525 [info] > git log --format=%H%n%aN%n%aE%n%at%n%ct%n%P%n%D%n%B -z -n15 --shortstat --follow -- c:\Users\USER\Desktop\crystal villa\villa-booking-\index.html [252ms]
2026-08-29 13:43:26.709 [info] > git fetch [1485ms]
2026-08-29 13:43:26.868 [info] > git config --get commit.template [126ms]
2026-08-29 13:43:26.895 [info] > git ls-files --stage -- index.html [124ms]
2026-08-29 13:43:26.961 [info] > git for-each-ref --format=%(refname)%00%(upstream:short)%00%(objectname)%00%(upstream:track)%00%(upstream:remotename)%00%(upstream:remoteref) --ignore-case refs/heads/main refs/remotes/main [140ms]
2026-08-29 13:43:27.028 [info] > git cat-file -s e805984f9ddefe2d1e13296028aa076eece0c052 [103ms]
2026-08-29 13:43:27.101 [info] > git status -z -uall [115ms]
2026-08-29 13:43:27.124 [info] > git for-each-ref --sort -committerdate --format %(refname)%00%(objectname)%00%(*objectname) [113ms]
2026-08-29 13:43:27.162 [info] > git show --textconv :index.html [107ms]
2026-08-29 13:43:27.792 [info] > git rev-list --count 1a466e54081947cb5d6c60991f27f040f9f50b75.. -- c:\Users\USER\Desktop\crystal villa\villa-booking-\index.html [108ms]
2026-08-29 13:43:27.946 [info] > git ls-files --stage -- index.html [99ms]
2026-08-29 13:43:27.998 [info] > git log --format=%H%n%aN%n%aE%n%at%n%ct%n%P%n%D%n%B -z -n15 --shortstat --follow -- c:\Users\USER\Desktop\crystal villa\villa-booking-\index.html [179ms]
2026-08-29 13:43:28.059 [info] > git cat-file -s e805984f9ddefe2d1e13296028aa076eece0c052 [91ms]
2026-08-29 13:43:28.166 [info] > git show --textconv :index.html [85ms]
